// Jest Snapshot v1, https://goo.gl/fbAQLP

exports[`should render ResultPage correctly 1`] = `
<styled.div>
  <ConnectFunction />
</styled.div>
`;
