// Jest Snapshot v1, https://goo.gl/fbAQLP

exports[`should render Personslist correctly 1`] = `
<styled.ul>
  <Person
    amount={0}
    id={1}
    key="1"
  />
  <Person
    amount={0}
    id={2}
    key="2"
  />
  <Person
    amount={0}
    id={3}
    key="3"
  />
</styled.ul>
`;
